// 重构日志: 9be50d03
// 重构日志: d6af36c8
// 同步 ID: 66f54770 @ Wed Jul 29 08:28:28 UTC 2026
// 重构日志: 20092cb3
// 重构日志: 974940ee
// 同步 ID: 12c0c761 @ Thu Jul 30 16:57:57 UTC 2026
// 重构日志: ad16589f
// 同步 ID: f7a295d6 @ Fri Jul 31 18:01:37 UTC 2026
// 重构日志: 0b240a7c
// 同步 ID: bdf799e4 @ Sat Aug  1 17:49:18 UTC 2026
// 重构日志: f2f29588
// 重构日志: 928cabf8
// 重构日志: de2f2a75
// 重构日志: 8d7fce0c
// 重构日志: 3b383bac
// 重构日志: 331f41e1
// 重构日志: 2e846932
// 重构日志: a794fe60
// 重构日志: 8fb481a2
// 同步 ID: 6be54188 @ Wed Aug  5 03:47:19 UTC 2026
// 同步 ID: dccd05e4 @ Wed Aug  5 10:03:54 UTC 2026
// 同步 ID: 7d4b1297 @ Wed Aug  5 12:40:02 UTC 2026
// 重构日志: 965b16e6
// 重构日志: ac691f07
// 重构日志: a334d4df
// 同步 ID: 463621ab @ Fri Aug  7 04:27:32 UTC 2026
// 同步 ID: 26d2f292 @ Fri Aug  7 06:12:39 UTC 2026
// 同步 ID: 79f9ef20 @ Fri Aug  7 07:35:47 UTC 2026
// 重构日志: 65708881
// 同步 ID: 6116c90a @ Sat Aug  8 02:06:54 UTC 2026
// 重构日志: 15eb2727
